*****************************************************************
      SolidWorks Corporation - IGES Processor Status Report
*****************************************************************
=================================================================
Общая информация
=================================================================
Отправка кода продукта системы: Подшипник 310 ГОСТ 8338-75
Получение кода продукта системы: Подшипник 310 ГОСТ 8338-75
Имя файла                 : D:\Разное\CB-online\3D-модели\Механика\Подшипники\Шариковые упорные одинарные подшипники\Подшипник качения, Шариковый радиальный, Однорядный\Подшипник качения, Шариковый радиальный, Однорядный\Подшипник 310 ГОСТ 8338-75.IGS
Отправка системы               : SolidWorks 2014
Версия препроцессора       : SolidWorks 2014
Дата создания файла           : 160815.050229
Дата создания модели          : 160815.050229
Единицы                        : MM
Масштаб пространства модели            : 1
Автор                       : AAA
Организация                 : 


=================================================================
Сведения по обработке объекта
=================================================================


=================================================================
Точный анализ файла IGES:
=================================================================
  Преобладающее число значимых знаков:              11
  Наибольшее число значимых знаков:                     12
  Среднее число значимых знаков:                9.71124
  Максимальное расстояние до исходной точки:                          1680.09
  Минимальное расстояние до исходной точки:                                0
  Эффективное число значимых знаков:                   12


=================================================================
Сводка по объектам
=================================================================
-----------------------------------------------------------------
Тип Имя                                         Количество Преобразован
---- ----                                         ----- ---------
100  Arc                                            864       864
102  Composite curve                                740       740
110  Line                                          1120      1120
120  Surface of revolution                          180       180
124  Transformation matrix                          848       848
126  Rational B-spline curve                       2152      2152
128  Rational B-spline surface                      186       186
142  Curve on a parametric surface                  370       370
144  Trimmed parametric surface                     366       366
314  Color definition                               367       367
_________________________________________________________________


=================================================================
Сводка результатов
=================================================================
Тип элемента SolidWorks                Количество
-----------------------                -----
Твердотельные элементы                       26
Элементы поверхности                     0
Элементы кривой/эскиза                0
--------------------------------------------
Время начала:понедельник, Август 15, 2016 05:07:31
Время окончания: понедельник, Август 15, 2016 05:07:39
Время обработки: 0 days, 00 hours, 00 mins, 08 secs
