*****************************************************************
      SolidWorks Corporation - IGES Processor Status Report
*****************************************************************
=================================================================
Общая информация
=================================================================
Отправка кода продукта системы: Подшипник 302 ГОСТ 8338-75
Получение кода продукта системы: Подшипник 302 ГОСТ 8338-75
Имя файла                 : D:\Разное\CB-online\3D-модели\Механика\Подшипники\Шариковые упорные одинарные подшипники\Подшипник качения, Шариковый радиальный, Однорядный\Подшипник качения, Шариковый радиальный, Однорядный\Подшипник 302 ГОСТ 8338-75.IGS
Отправка системы               : SolidWorks 2014
Версия препроцессора       : SolidWorks 2014
Дата создания файла           : 160815.050429
Дата создания модели          : 160815.050429
Единицы                        : MM
Масштаб пространства модели            : 1
Автор                       : AAA
Организация                 : 


=================================================================
Сведения по обработке объекта
=================================================================


=================================================================
Точный анализ файла IGES:
=================================================================
  Преобладающее число значимых знаков:              11
  Наибольшее число значимых знаков:                     12
  Среднее число значимых знаков:                9.62563
  Максимальное расстояние до исходной точки:                           1694.2
  Минимальное расстояние до исходной точки:                                0
  Эффективное число значимых знаков:                   12


=================================================================
Сводка по объектам
=================================================================
-----------------------------------------------------------------
Тип Имя                                         Количество Преобразован
---- ----                                         ----- ---------
100  Arc                                            766       766
102  Composite curve                                656       656
110  Line                                           990       990
120  Surface of revolution                          160       160
124  Transformation matrix                          748       748
126  Rational B-spline curve                       1898      1898
128  Rational B-spline surface                      164       164
142  Curve on a parametric surface                  328       328
144  Trimmed parametric surface                     324       324
314  Color definition                               325       325
_________________________________________________________________


=================================================================
Сводка результатов
=================================================================
Тип элемента SolidWorks                Количество
-----------------------                -----
Твердотельные элементы                       23
Элементы поверхности                     0
Элементы кривой/эскиза                0
--------------------------------------------
Время начала:понедельник, Август 15, 2016 05:06:25
Время окончания: понедельник, Август 15, 2016 05:06:32
Время обработки: 0 days, 00 hours, 00 mins, 07 secs
