*****************************************************************
      SolidWorks Corporation - IGES Processor Status Report
*****************************************************************
=================================================================
Общая информация
=================================================================
Отправка кода продукта системы: Подшипник 317 ГОСТ 8338-75
Получение кода продукта системы: Подшипник 317 ГОСТ 8338-75
Имя файла                 : D:\Разное\CB-online\3D-модели\Механика\Подшипники\Шариковые упорные одинарные подшипники\Подшипник качения, Шариковый радиальный, Однорядный\Подшипник качения, Шариковый радиальный, Однорядный\Подшипник 317 ГОСТ 8338-75.IGS
Отправка системы               : SolidWorks 2014
Версия препроцессора       : SolidWorks 2014
Дата создания файла           : 160815.050023
Дата создания модели          : 160815.050023
Единицы                        : MM
Масштаб пространства модели            : 1
Автор                       : AAA
Организация                 : 


=================================================================
Сведения по обработке объекта
=================================================================


=================================================================
Точный анализ файла IGES:
=================================================================
  Преобладающее число значимых знаков:              11
  Наибольшее число значимых знаков:                     12
  Среднее число значимых знаков:                 9.8456
  Максимальное расстояние до исходной точки:                          1645.22
  Минимальное расстояние до исходной точки:                                0
  Эффективное число значимых знаков:                   12


=================================================================
Сводка по объектам
=================================================================
-----------------------------------------------------------------
Тип Имя                                         Количество Преобразован
---- ----                                         ----- ---------
100  Arc                                            852       852
102  Composite curve                                732       732
110  Line                                          1112      1112
120  Surface of revolution                          178       178
124  Transformation matrix                          838       838
126  Rational B-spline curve                       2136      2136
128  Rational B-spline surface                      184       184
142  Curve on a parametric surface                  366       366
144  Trimmed parametric surface                     362       362
314  Color definition                               363       363
_________________________________________________________________


=================================================================
Сводка результатов
=================================================================
Тип элемента SolidWorks                Количество
-----------------------                -----
Твердотельные элементы                       26
Элементы поверхности                     0
Элементы кривой/эскиза                0
--------------------------------------------
Время начала:понедельник, Август 15, 2016 05:08:39
Время окончания: понедельник, Август 15, 2016 05:08:47
Время обработки: 0 days, 00 hours, 00 mins, 08 secs
