*****************************************************************
      SolidWorks Corporation - IGES Processor Status Report
*****************************************************************
=================================================================
Общая информация
=================================================================
Отправка кода продукта системы: Подшипник 303 ГОСТ 8338-75
Получение кода продукта системы: Подшипник 303 ГОСТ 8338-75
Имя файла                 : D:\Разное\CB-online\3D-модели\Механика\Подшипники\Шариковые упорные одинарные подшипники\Подшипник качения, Шариковый радиальный, Однорядный\Подшипник качения, Шариковый радиальный, Однорядный\Подшипник 303 ГОСТ 8338-75.IGS
Отправка системы               : SolidWorks 2014
Версия препроцессора       : SolidWorks 2014
Дата создания файла           : 160815.050359
Дата создания модели          : 160815.050359
Единицы                        : MM
Масштаб пространства модели            : 1
Автор                       : AAA
Организация                 : 


=================================================================
Сведения по обработке объекта
=================================================================


=================================================================
Точный анализ файла IGES:
=================================================================
  Преобладающее число значимых знаков:              11
  Наибольшее число значимых знаков:                     12
  Среднее число значимых знаков:                8.75467
  Максимальное расстояние до исходной точки:                          1635.02
  Минимальное расстояние до исходной точки:                                0
  Эффективное число значимых знаков:                   12


=================================================================
Сводка по объектам
=================================================================
-----------------------------------------------------------------
Тип Имя                                         Количество Преобразован
---- ----                                         ----- ---------
100  Arc                                            668       668
102  Composite curve                                572       572
110  Line                                           860       860
120  Surface of revolution                          140       140
124  Transformation matrix                          656       656
126  Rational B-spline curve                       1644      1644
128  Rational B-spline surface                      142       142
142  Curve on a parametric surface                  286       286
144  Trimmed parametric surface                     282       282
314  Color definition                               282       282
_________________________________________________________________


=================================================================
Сводка результатов
=================================================================
Тип элемента SolidWorks                Количество
-----------------------                -----
Твердотельные элементы                       20
Элементы поверхности                     0
Элементы кривой/эскиза                0
--------------------------------------------
Время начала:понедельник, Август 15, 2016 05:06:33
Время окончания: понедельник, Август 15, 2016 05:06:39
Время обработки: 0 days, 00 hours, 00 mins, 06 secs
